// Jest Snapshot v1, https://goo.gl/fbAQLP

exports[`src/components/elements/IconButton render 1`] = `
<button
  className=""
  disabled={false}
  onClick={[Function]}
  style={
    Object {
      "height": 24,
      "width": 24,
    }
  }
  type="button"
/>
`;
