// Jest Snapshot v1, https://goo.gl/fbAQLP

exports[`src/components/fields/Text render 1`] = `
<div
  className=""
>
  <label />
  <input />
</div>
`;
